
> guitar-neck-ui@0.0.0 test
> ng test

[33m03 09 2026 17:29:57.318:WARN [karma]: [39mNo captured browser, open http://localhost:9880/
[32m03 09 2026 17:29:57.385:INFO [karma-server]: [39mKarma v6.4.4 server started at http://localhost:9880/
[32m03 09 2026 17:29:57.386:INFO [launcher]: [39mLaunching browsers Chrome with concurrency unlimited
[32m03 09 2026 17:29:57.398:INFO [launcher]: [39mStarting browser Chrome
[32m03 09 2026 17:30:00.329:INFO [Chrome 152.0.0.0 (Windows 10)]: [39mConnected on socket Zzwaa2B5gua1i0HaAAAB with id 3333586
Chrome 152.0.0.0 (Windows 10): Executed 0 of 181[32m SUCCESS[39m (0 secs / 0 secs)
[1A[2KChrome 152.0.0.0 (Windows 10): Executed 1 of 181[32m SUCCESS[39m (0 secs / 0.157 secs)
[1A[2KChrome 152.0.0.0 (Windows 10): Executed 2 of 181[32m SUCCESS[39m (0 secs / 0.164 secs)
[1A[2KChrome 152.0.0.0 (Windows 10): Executed 3 of 181[32m SUCCESS[39m (0 secs / 0.172 secs)
[1A[2KChrome 152.0.0.0 (Windows 10): Executed 4 of 181[32m SUCCESS[39m (0 secs / 0.178 secs)
[1A[2KChrome 152.0.0.0 (Windows 10): Executed 5 of 181[32m SUCCESS[39m (0 secs / 0.189 secs)
[1A[2KChrome 152.0.0.0 (Windows 10): Executed 6 of 181[32m SUCCESS[39m (0 secs / 0.193 secs)
[1A[2KChrome 152.0.0.0 (Windows 10): Executed 7 of 181[32m SUCCESS[39m (0 secs / 0.2 secs)
[1A[2KChrome 152.0.0.0 (Windows 10): Executed 8 of 181[32m SUCCESS[39m (0 secs / 0.205 secs)
[1A[2KChrome 152.0.0.0 (Windows 10): Executed 9 of 181[32m SUCCESS[39m (0 secs / 0.211 secs)
[1A[2KChrome 152.0.0.0 (Windows 10): Executed 10 of 181[32m SUCCESS[39m (0 secs / 0.216 secs)
[1A[2KChrome 152.0.0.0 (Windows 10): Executed 11 of 181[32m SUCCESS[39m (0 secs / 0.219 secs)
[1A[2KChrome 152.0.0.0 (Windows 10): Executed 12 of 181[32m SUCCESS[39m (0 secs / 0.226 secs)
[1A[2KChrome 152.0.0.0 (Windows 10): Executed 13 of 181[32m SUCCESS[39m (0 secs / 0.231 secs)
[1A[2KChrome 152.0.0.0 (Windows 10): Executed 14 of 181[32m SUCCESS[39m (0 secs / 0.235 secs)
[1A[2KChrome 152.0.0.0 (Windows 10): Executed 15 of 181[32m SUCCESS[39m (0 secs / 0.241 secs)
[1A[2KChrome 152.0.0.0 (Windows 10): Executed 16 of 181[32m SUCCESS[39m (0 secs / 0.246 secs)
[1A[2KChrome 152.0.0.0 (Windows 10): Executed 17 of 181[32m SUCCESS[39m (0 secs / 0.25 secs)
[1A[2KChrome 152.0.0.0 (Windows 10): Executed 18 of 181[32m SUCCESS[39m (0 secs / 0.311 secs)
[1A[2KChrome 152.0.0.0 (Windows 10): Executed 19 of 181[32m SUCCESS[39m (0 secs / 0.315 secs)
[1A[2KChrome 152.0.0.0 (Windows 10): Executed 20 of 181[32m SUCCESS[39m (0 secs / 0.32 secs)
[1A[2K[31mChrome 152.0.0.0 (Windows 10) PatternDisplayComponent rendering should show prompts section when currentPattern is a chord FAILED[39m
	Expected null to be truthy.
	    at <Jasmine>
	    at UserContext.apply (src/app/pattern-display/pattern-display.component.spec.ts:86:28)
	    at _ZoneDelegate.invoke (node_modules/zone.js/fesm2015/zone.js:369:28)
	    at ProxyZoneSpec.onInvoke (node_modules/zone.js/fesm2015/zone-testing.js:2081:39)
	    at _ZoneDelegate.invoke (node_modules/zone.js/fesm2015/zone.js:368:34)
	TypeError: Cannot read properties of null (reading 'nativeElement')
	    at UserContext.apply (src/app/pattern-display/pattern-display.component.spec.ts:87:27)
	    at _ZoneDelegate.invoke (node_modules/zone.js/fesm2015/zone.js:369:28)
	    at ProxyZoneSpec.onInvoke (node_modules/zone.js/fesm2015/zone-testing.js:2081:39)
	    at _ZoneDelegate.invoke (node_modules/zone.js/fesm2015/zone.js:368:34)
	    at ZoneImpl.run (node_modules/zone.js/fesm2015/zone.js:111:43)
	    at runInTestZone (node_modules/zone.js/fesm2015/zone-testing.js:216:38)
	    at UserContext.<anonymous> (node_modules/zone.js/fesm2015/zone-testing.js:234:32)
	    at <Jasmine>
Chrome 152.0.0.0 (Windows 10): Executed 21 of 181[31m (1 FAILED)[39m (0 secs / 0.339 secs)
[1A[2KChrome 152.0.0.0 (Windows 10): Executed 22 of 181[31m (1 FAILED)[39m (0 secs / 0.342 secs)
[1A[2K[31mChrome 152.0.0.0 (Windows 10) PatternDisplayComponent rendering should show prompts section when currentPattern is a scale FAILED[39m
	Expected null to be truthy.
	    at <Jasmine>
	    at UserContext.apply (src/app/pattern-display/pattern-display.component.spec.ts:73:28)
	    at _ZoneDelegate.invoke (node_modules/zone.js/fesm2015/zone.js:369:28)
	    at ProxyZoneSpec.onInvoke (node_modules/zone.js/fesm2015/zone-testing.js:2081:39)
	    at _ZoneDelegate.invoke (node_modules/zone.js/fesm2015/zone.js:368:34)
	TypeError: Cannot read properties of null (reading 'nativeElement')
	    at UserContext.apply (src/app/pattern-display/pattern-display.component.spec.ts:74:27)
	    at _ZoneDelegate.invoke (node_modules/zone.js/fesm2015/zone.js:369:28)
	    at ProxyZoneSpec.onInvoke (node_modules/zone.js/fesm2015/zone-testing.js:2081:39)
	    at _ZoneDelegate.invoke (node_modules/zone.js/fesm2015/zone.js:368:34)
	    at ZoneImpl.run (node_modules/zone.js/fesm2015/zone.js:111:43)
	    at runInTestZone (node_modules/zone.js/fesm2015/zone-testing.js:216:38)
	    at UserContext.<anonymous> (node_modules/zone.js/fesm2015/zone-testing.js:234:32)
	    at <Jasmine>
Chrome 152.0.0.0 (Windows 10): Executed 23 of 181[31m (2 FAILED)[39m (0 secs / 0.355 secs)
[1A[2KChrome 152.0.0.0 (Windows 10): Executed 24 of 181[31m (2 FAILED)[39m (0 secs / 0.358 secs)
[1A[2KChrome 152.0.0.0 (Windows 10): Executed 25 of 181[31m (2 FAILED)[39m (0 secs / 0.36 secs)
[1A[2KChrome 152.0.0.0 (Windows 10): Executed 26 of 181[31m (2 FAILED)[39m (0 secs / 0.368 secs)
[1A[2KChrome 152.0.0.0 (Windows 10): Executed 27 of 181[31m (2 FAILED)[39m (0 secs / 0.381 secs)
[1A[2KChrome 152.0.0.0 (Windows 10): Executed 28 of 181[31m (2 FAILED)[39m (0 secs / 0.386 secs)
[1A[2KChrome 152.0.0.0 (Windows 10): Executed 29 of 181[31m (2 FAILED)[39m (0 secs / 0.389 secs)
[1A[2KChrome 152.0.0.0 (Windows 10): Executed 30 of 181[31m (2 FAILED)[39m (0 secs / 0.395 secs)
[1A[2KChrome 152.0.0.0 (Windows 10): Executed 31 of 181[31m (2 FAILED)[39m (0 secs / 0.397 secs)
[1A[2KChrome 152.0.0.0 (Windows 10): Executed 32 of 181[31m (2 FAILED)[39m (0 secs / 0.399 secs)
[1A[2KChrome 152.0.0.0 (Windows 10): Executed 33 of 181[31m (2 FAILED)[39m (0 secs / 0.402 secs)
[1A[2KChrome 152.0.0.0 (Windows 10): Executed 34 of 181[31m (2 FAILED)[39m (0 secs / 0.406 secs)
[1A[2KChrome 152.0.0.0 (Windows 10): Executed 35 of 181[31m (2 FAILED)[39m (0 secs / 0.408 secs)
[1A[2KChrome 152.0.0.0 (Windows 10): Executed 36 of 181[31m (2 FAILED)[39m (0 secs / 0.436 secs)
[1A[2KChrome 152.0.0.0 (Windows 10): Executed 37 of 181[31m (2 FAILED)[39m (0 secs / 0.439 secs)
[1A[2KChrome 152.0.0.0 (Windows 10): Executed 38 of 181[31m (2 FAILED)[39m (0 secs / 0.441 secs)
[1A[2KChrome 152.0.0.0 (Windows 10): Executed 39 of 181[31m (2 FAILED)[39m (0 secs / 0.444 secs)
[1A[2KChrome 152.0.0.0 (Windows 10): Executed 40 of 181[31m (2 FAILED)[39m (0 secs / 0.448 secs)
[1A[2KChrome 152.0.0.0 (Windows 10): Executed 41 of 181[31m (2 FAILED)[39m (0 secs / 0.45 secs)
[1A[2KChrome 152.0.0.0 (Windows 10): Executed 42 of 181[31m (2 FAILED)[39m (0 secs / 0.453 secs)
[1A[2KChrome 152.0.0.0 (Windows 10): Executed 43 of 181[31m (2 FAILED)[39m (0 secs / 0.456 secs)
[1A[2KChrome 152.0.0.0 (Windows 10): Executed 44 of 181[31m (2 FAILED)[39m (0 secs / 0.461 secs)
[1A[2KChrome 152.0.0.0 (Windows 10): Executed 45 of 181[31m (2 FAILED)[39m (0 secs / 0.463 secs)
[1A[2KChrome 152.0.0.0 (Windows 10): Executed 46 of 181[31m (2 FAILED)[39m (0 secs / 0.465 secs)
[1A[2KChrome 152.0.0.0 (Windows 10): Executed 47 of 181[31m (2 FAILED)[39m (0 secs / 0.468 secs)
[1A[2KChrome 152.0.0.0 (Windows 10): Executed 48 of 181[31m (2 FAILED)[39m (0 secs / 0.471 secs)
[1A[2KChrome 152.0.0.0 (Windows 10): Executed 49 of 181[31m (2 FAILED)[39m (0 secs / 0.474 secs)
[1A[2KChrome 152.0.0.0 (Windows 10): Executed 50 of 181[31m (2 FAILED)[39m (0 secs / 0.481 secs)
[1A[2KChrome 152.0.0.0 (Windows 10): Executed 51 of 181[31m (2 FAILED)[39m (0 secs / 0.484 secs)
[1A[2KChrome 152.0.0.0 (Windows 10): Executed 52 of 181[31m (2 FAILED)[39m (0 secs / 0.492 secs)
[1A[2KChrome 152.0.0.0 (Windows 10): Executed 53 of 181[31m (2 FAILED)[39m (0 secs / 0.639 secs)
[1A[2KChrome 152.0.0.0 (Windows 10): Executed 54 of 181[31m (2 FAILED)[39m (0 secs / 0.663 secs)
[1A[2KChrome 152.0.0.0 (Windows 10): Executed 55 of 181[31m (2 FAILED)[39m (0 secs / 0.683 secs)
[1A[2KChrome 152.0.0.0 (Windows 10): Executed 56 of 181[31m (2 FAILED)[39m (0 secs / 0.698 secs)
[1A[2KChrome 152.0.0.0 (Windows 10): Executed 57 of 181[31m (2 FAILED)[39m (0 secs / 0.713 secs)
[1A[2KChrome 152.0.0.0 (Windows 10): Executed 58 of 181[31m (2 FAILED)[39m (0 secs / 0.725 secs)
[1A[2KChrome 152.0.0.0 (Windows 10): Executed 59 of 181[31m (2 FAILED)[39m (0 secs / 0.739 secs)
[1A[2KChrome 152.0.0.0 (Windows 10): Executed 60 of 181[31m (2 FAILED)[39m (0 secs / 0.762 secs)
[1A[2KChrome 152.0.0.0 (Windows 10): Executed 61 of 181[31m (2 FAILED)[39m (0 secs / 0.779 secs)
[1A[2KChrome 152.0.0.0 (Windows 10): Executed 62 of 181[31m (2 FAILED)[39m (0 secs / 0.806 secs)
[1A[2KChrome 152.0.0.0 (Windows 10): Executed 63 of 181[31m (2 FAILED)[39m (0 secs / 0.812 secs)
[1A[2KChrome 152.0.0.0 (Windows 10): Executed 64 of 181[31m (2 FAILED)[39m (0 secs / 0.814 secs)
[1A[2KChrome 152.0.0.0 (Windows 10): Executed 65 of 181[31m (2 FAILED)[39m (0 secs / 0.818 secs)
[1A[2KChrome 152.0.0.0 (Windows 10): Executed 66 of 181[31m (2 FAILED)[39m (0 secs / 0.82 secs)
[1A[2KChrome 152.0.0.0 (Windows 10): Executed 67 of 181[31m (2 FAILED)[39m (0 secs / 0.822 secs)
[1A[2KChrome 152.0.0.0 (Windows 10): Executed 68 of 181[31m (2 FAILED)[39m (0 secs / 0.826 secs)
[1A[2KChrome 152.0.0.0 (Windows 10): Executed 69 of 181[31m (2 FAILED)[39m (0 secs / 0.828 secs)
[1A[2KChrome 152.0.0.0 (Windows 10): Executed 70 of 181[31m (2 FAILED)[39m (0 secs / 0.829 secs)
[1A[2KChrome 152.0.0.0 (Windows 10): Executed 71 of 181[31m (2 FAILED)[39m (0 secs / 0.831 secs)
[1A[2KChrome 152.0.0.0 (Windows 10): Executed 72 of 181[31m (2 FAILED)[39m (0 secs / 0.833 secs)
[1A[2KChrome 152.0.0.0 (Windows 10): Executed 73 of 181[31m (2 FAILED)[39m (0 secs / 0.834 secs)
[1A[2KChrome 152.0.0.0 (Windows 10): Executed 74 of 181[31m (2 FAILED)[39m (0 secs / 0.837 secs)
[1A[2KChrome 152.0.0.0 (Windows 10): Executed 75 of 181[31m (2 FAILED)[39m (0 secs / 0.839 secs)
[1A[2KChrome 152.0.0.0 (Windows 10): Executed 76 of 181[31m (2 FAILED)[39m (0 secs / 0.84 secs)
[1A[2KChrome 152.0.0.0 (Windows 10): Executed 77 of 181[31m (2 FAILED)[39m (0 secs / 0.841 secs)
[1A[2KChrome 152.0.0.0 (Windows 10): Executed 78 of 181[31m (2 FAILED)[39m (0 secs / 0.842 secs)
[1A[2KChrome 152.0.0.0 (Windows 10): Executed 79 of 181[31m (2 FAILED)[39m (0 secs / 0.844 secs)
[1A[2KChrome 152.0.0.0 (Windows 10): Executed 80 of 181[31m (2 FAILED)[39m (0 secs / 0.845 secs)
[1A[2KChrome 152.0.0.0 (Windows 10): Executed 81 of 181[31m (2 FAILED)[39m (0 secs / 0.848 secs)
[1A[2KChrome 152.0.0.0 (Windows 10): Executed 82 of 181[31m (2 FAILED)[39m (0 secs / 0.851 secs)
[1A[2KChrome 152.0.0.0 (Windows 10): Executed 83 of 181[31m (2 FAILED)[39m (0 secs / 0.853 secs)
[1A[2KChrome 152.0.0.0 (Windows 10): Executed 84 of 181[31m (2 FAILED)[39m (0 secs / 0.855 secs)
[1A[2KChrome 152.0.0.0 (Windows 10): Executed 85 of 181[31m (2 FAILED)[39m (0 secs / 0.857 secs)
[1A[2KChrome 152.0.0.0 (Windows 10): Executed 86 of 181[31m (2 FAILED)[39m (0 secs / 0.859 secs)
[1A[2KChrome 152.0.0.0 (Windows 10): Executed 87 of 181[31m (2 FAILED)[39m (0 secs / 0.861 secs)
[1A[2KChrome 152.0.0.0 (Windows 10): Executed 88 of 181[31m (2 FAILED)[39m (0 secs / 0.864 secs)
[1A[2KChrome 152.0.0.0 (Windows 10): Executed 89 of 181[31m (2 FAILED)[39m (0 secs / 0.865 secs)
[1A[2KChrome 152.0.0.0 (Windows 10): Executed 90 of 181[31m (2 FAILED)[39m (0 secs / 0.867 secs)
[1A[2KChrome 152.0.0.0 (Windows 10): Executed 91 of 181[31m (2 FAILED)[39m (0 secs / 0.868 secs)
[1A[2KChrome 152.0.0.0 (Windows 10): Executed 92 of 181[31m (2 FAILED)[39m (0 secs / 0.886 secs)
[1A[2KChrome 152.0.0.0 (Windows 10): Executed 93 of 181[31m (2 FAILED)[39m (0 secs / 0.89 secs)
[1A[2KChrome 152.0.0.0 (Windows 10): Executed 94 of 181[31m (2 FAILED)[39m (0 secs / 0.894 secs)
[1A[2KChrome 152.0.0.0 (Windows 10): Executed 95 of 181[31m (2 FAILED)[39m (0 secs / 0.898 secs)
[1A[2KChrome 152.0.0.0 (Windows 10): Executed 96 of 181[31m (2 FAILED)[39m (0 secs / 0.901 secs)
[1A[2KChrome 152.0.0.0 (Windows 10): Executed 97 of 181[31m (2 FAILED)[39m (0 secs / 0.932 secs)
[1A[2KChrome 152.0.0.0 (Windows 10): Executed 98 of 181[31m (2 FAILED)[39m (0 secs / 0.935 secs)
[1A[2KChrome 152.0.0.0 (Windows 10): Executed 99 of 181[31m (2 FAILED)[39m (0 secs / 0.938 secs)
[1A[2KChrome 152.0.0.0 (Windows 10): Executed 100 of 181[31m (2 FAILED)[39m (0 secs / 0.941 secs)
[1A[2KChrome 152.0.0.0 (Windows 10): Executed 101 of 181[31m (2 FAILED)[39m (0 secs / 0.945 secs)
[1A[2KChrome 152.0.0.0 (Windows 10): Executed 102 of 181[31m (2 FAILED)[39m (0 secs / 0.947 secs)
[1A[2KChrome 152.0.0.0 (Windows 10): Executed 103 of 181[31m (2 FAILED)[39m (0 secs / 0.95 secs)
[1A[2KChrome 152.0.0.0 (Windows 10): Executed 104 of 181[31m (2 FAILED)[39m (0 secs / 0.956 secs)
[1A[2KChrome 152.0.0.0 (Windows 10): Executed 105 of 181[31m (2 FAILED)[39m (0 secs / 0.959 secs)
[1A[2KChrome 152.0.0.0 (Windows 10): Executed 106 of 181[31m (2 FAILED)[39m (0 secs / 0.961 secs)
[1A[2KChrome 152.0.0.0 (Windows 10): Executed 107 of 181[31m (2 FAILED)[39m (0 secs / 0.962 secs)
[1A[2KChrome 152.0.0.0 (Windows 10): Executed 108 of 181[31m (2 FAILED)[39m (0 secs / 0.964 secs)
[1A[2KChrome 152.0.0.0 (Windows 10): Executed 109 of 181[31m (2 FAILED)[39m (0 secs / 0.968 secs)
[1A[2KChrome 152.0.0.0 (Windows 10): Executed 110 of 181[31m (2 FAILED)[39m (0 secs / 0.973 secs)
[1A[2KChrome 152.0.0.0 (Windows 10): Executed 111 of 181[31m (2 FAILED)[39m (0 secs / 0.976 secs)
[1A[2KChrome 152.0.0.0 (Windows 10): Executed 112 of 181[31m (2 FAILED)[39m (0 secs / 1.067 secs)
[1A[2KChrome 152.0.0.0 (Windows 10): Executed 113 of 181[31m (2 FAILED)[39m (0 secs / 1.071 secs)
[1A[2KChrome 152.0.0.0 (Windows 10): Executed 114 of 181[31m (2 FAILED)[39m (0 secs / 1.076 secs)
[1A[2KChrome 152.0.0.0 (Windows 10): Executed 115 of 181[31m (2 FAILED)[39m (0 secs / 1.082 secs)
[1A[2KChrome 152.0.0.0 (Windows 10): Executed 116 of 181[31m (2 FAILED)[39m (0 secs / 1.087 secs)
[1A[2KChrome 152.0.0.0 (Windows 10): Executed 117 of 181[31m (2 FAILED)[39m (0 secs / 1.091 secs)
[1A[2KChrome 152.0.0.0 (Windows 10): Executed 118 of 181[31m (2 FAILED)[39m (0 secs / 1.093 secs)
[1A[2KChrome 152.0.0.0 (Windows 10): Executed 119 of 181[31m (2 FAILED)[39m (0 secs / 1.095 secs)
[1A[2KChrome 152.0.0.0 (Windows 10): Executed 120 of 181[31m (2 FAILED)[39m (0 secs / 1.097 secs)
[1A[2KChrome 152.0.0.0 (Windows 10): Executed 121 of 181[31m (2 FAILED)[39m (0 secs / 1.101 secs)
[1A[2KChrome 152.0.0.0 (Windows 10): Executed 122 of 181[31m (2 FAILED)[39m (0 secs / 1.103 secs)
[1A[2KChrome 152.0.0.0 (Windows 10): Executed 123 of 181[31m (2 FAILED)[39m (0 secs / 1.106 secs)
[1A[2KChrome 152.0.0.0 (Windows 10): Executed 124 of 181[31m (2 FAILED)[39m (0 secs / 1.107 secs)
[1A[2KChrome 152.0.0.0 (Windows 10): Executed 125 of 181[31m (2 FAILED)[39m (0 secs / 1.109 secs)
[1A[2KChrome 152.0.0.0 (Windows 10): Executed 126 of 181[31m (2 FAILED)[39m (0 secs / 1.111 secs)
[1A[2KChrome 152.0.0.0 (Windows 10): Executed 127 of 181[31m (2 FAILED)[39m (0 secs / 1.113 secs)
[1A[2KChrome 152.0.0.0 (Windows 10): Executed 128 of 181[31m (2 FAILED)[39m (0 secs / 1.115 secs)
[1A[2KChrome 152.0.0.0 (Windows 10): Executed 129 of 181[31m (2 FAILED)[39m (0 secs / 1.118 secs)
[1A[2KChrome 152.0.0.0 (Windows 10): Executed 130 of 181[31m (2 FAILED)[39m (0 secs / 1.119 secs)
[1A[2KChrome 152.0.0.0 (Windows 10): Executed 131 of 181[31m (2 FAILED)[39m (0 secs / 1.121 secs)
[1A[2KChrome 152.0.0.0 (Windows 10): Executed 132 of 181[31m (2 FAILED)[39m (0 secs / 1.123 secs)
[1A[2KChrome 152.0.0.0 (Windows 10): Executed 133 of 181[31m (2 FAILED)[39m (0 secs / 1.127 secs)
[1A[2KChrome 152.0.0.0 (Windows 10): Executed 134 of 181[31m (2 FAILED)[39m (0 secs / 1.129 secs)
[1A[2KChrome 152.0.0.0 (Windows 10): Executed 135 of 181[31m (2 FAILED)[39m (0 secs / 1.13 secs)
[1A[2KChrome 152.0.0.0 (Windows 10): Executed 136 of 181[31m (2 FAILED)[39m (0 secs / 1.132 secs)
[1A[2KChrome 152.0.0.0 (Windows 10): Executed 137 of 181[31m (2 FAILED)[39m (0 secs / 1.135 secs)
[1A[2KChrome 152.0.0.0 (Windows 10): Executed 138 of 181[31m (2 FAILED)[39m (0 secs / 1.137 secs)
[1A[2KChrome 152.0.0.0 (Windows 10): Executed 139 of 181[31m (2 FAILED)[39m (0 secs / 1.141 secs)
[1A[2KChrome 152.0.0.0 (Windows 10): Executed 140 of 181[31m (2 FAILED)[39m (0 secs / 1.144 secs)
[1A[2KChrome 152.0.0.0 (Windows 10): Executed 141 of 181[31m (2 FAILED)[39m (0 secs / 1.146 secs)
[1A[2KChrome 152.0.0.0 (Windows 10): Executed 142 of 181[31m (2 FAILED)[39m (0 secs / 1.148 secs)
[1A[2KChrome 152.0.0.0 (Windows 10): Executed 143 of 181[31m (2 FAILED)[39m (0 secs / 1.15 secs)
[1A[2KChrome 152.0.0.0 (Windows 10): Executed 144 of 181[31m (2 FAILED)[39m (0 secs / 1.153 secs)
[1A[2KChrome 152.0.0.0 (Windows 10): Executed 145 of 181[31m (2 FAILED)[39m (0 secs / 1.155 secs)
[1A[2KChrome 152.0.0.0 (Windows 10): Executed 146 of 181[31m (2 FAILED)[39m (0 secs / 1.158 secs)
[1A[2KChrome 152.0.0.0 (Windows 10): Executed 147 of 181[31m (2 FAILED)[39m (0 secs / 1.16 secs)
[1A[2KChrome 152.0.0.0 (Windows 10): Executed 148 of 181[31m (2 FAILED)[39m (0 secs / 1.163 secs)
[1A[2KChrome 152.0.0.0 (Windows 10): Executed 149 of 181[31m (2 FAILED)[39m (0 secs / 1.165 secs)
[1A[2KChrome 152.0.0.0 (Windows 10): Executed 150 of 181[31m (2 FAILED)[39m (0 secs / 1.169 secs)
[1A[2KChrome 152.0.0.0 (Windows 10): Executed 151 of 181[31m (2 FAILED)[39m (0 secs / 1.172 secs)
[1A[2KChrome 152.0.0.0 (Windows 10): Executed 152 of 181[31m (2 FAILED)[39m (0 secs / 1.175 secs)
[1A[2KChrome 152.0.0.0 (Windows 10): Executed 153 of 181[31m (2 FAILED)[39m (0 secs / 1.177 secs)
[1A[2KChrome 152.0.0.0 (Windows 10): Executed 154 of 181[31m (2 FAILED)[39m (0 secs / 1.185 secs)
[1A[2KChrome 152.0.0.0 (Windows 10): Executed 155 of 181[31m (2 FAILED)[39m (0 secs / 1.186 secs)
[1A[2KChrome 152.0.0.0 (Windows 10): Executed 156 of 181[31m (2 FAILED)[39m (0 secs / 1.187 secs)
[1A[2KChrome 152.0.0.0 (Windows 10): Executed 157 of 181[31m (2 FAILED)[39m (0 secs / 1.188 secs)
[1A[2KChrome 152.0.0.0 (Windows 10): Executed 158 of 181[31m (2 FAILED)[39m (0 secs / 1.189 secs)
[1A[2KChrome 152.0.0.0 (Windows 10): Executed 159 of 181[31m (2 FAILED)[39m (0 secs / 1.205 secs)
[1A[2KChrome 152.0.0.0 (Windows 10): Executed 160 of 181[31m (2 FAILED)[39m (0 secs / 1.209 secs)
[1A[2KChrome 152.0.0.0 (Windows 10): Executed 161 of 181[31m (2 FAILED)[39m (0 secs / 1.212 secs)
[1A[2KChrome 152.0.0.0 (Windows 10): Executed 162 of 181[31m (2 FAILED)[39m (0 secs / 1.215 secs)
[1A[2KChrome 152.0.0.0 (Windows 10): Executed 163 of 181[31m (2 FAILED)[39m (0 secs / 1.221 secs)
[1A[2KChrome 152.0.0.0 (Windows 10): Executed 164 of 181[31m (2 FAILED)[39m (0 secs / 1.224 secs)
[1A[2KChrome 152.0.0.0 (Windows 10): Executed 165 of 181[31m (2 FAILED)[39m (0 secs / 1.227 secs)
[1A[2KChrome 152.0.0.0 (Windows 10): Executed 166 of 181[31m (2 FAILED)[39m (0 secs / 1.237 secs)
[1A[2KChrome 152.0.0.0 (Windows 10): Executed 167 of 181[31m (2 FAILED)[39m (0 secs / 1.256 secs)
[1A[2KChrome 152.0.0.0 (Windows 10): Executed 168 of 181[31m (2 FAILED)[39m (0 secs / 1.258 secs)
[1A[2KChrome 152.0.0.0 (Windows 10): Executed 169 of 181[31m (2 FAILED)[39m (0 secs / 1.262 secs)
[1A[2KChrome 152.0.0.0 (Windows 10): Executed 170 of 181[31m (2 FAILED)[39m (0 secs / 1.265 secs)
[1A[2KChrome 152.0.0.0 (Windows 10): Executed 171 of 181[31m (2 FAILED)[39m (0 secs / 1.284 secs)
[1A[2KChrome 152.0.0.0 (Windows 10): Executed 172 of 181[31m (2 FAILED)[39m (0 secs / 1.299 secs)
[1A[2KChrome 152.0.0.0 (Windows 10): Executed 173 of 181[31m (2 FAILED)[39m (0 secs / 1.31 secs)
[1A[2KChrome 152.0.0.0 (Windows 10): Executed 174 of 181[31m (2 FAILED)[39m (0 secs / 1.321 secs)
[1A[2KChrome 152.0.0.0 (Windows 10): Executed 175 of 181[31m (2 FAILED)[39m (0 secs / 1.327 secs)
[1A[2KChrome 152.0.0.0 (Windows 10): Executed 176 of 181[31m (2 FAILED)[39m (0 secs / 1.329 secs)
[1A[2KChrome 152.0.0.0 (Windows 10): Executed 177 of 181[31m (2 FAILED)[39m (0 secs / 1.331 secs)
[1A[2KChrome 152.0.0.0 (Windows 10): Executed 178 of 181[31m (2 FAILED)[39m (0 secs / 1.334 secs)
[1A[2KChrome 152.0.0.0 (Windows 10): Executed 179 of 181[31m (2 FAILED)[39m (0 secs / 1.338 secs)
[1A[2KChrome 152.0.0.0 (Windows 10): Executed 180 of 181[31m (2 FAILED)[39m (0 secs / 1.342 secs)
[1A[2KChrome 152.0.0.0 (Windows 10): Executed 181 of 181[31m (2 FAILED)[39m (0 secs / 1.345 secs)
[1A[2KChrome 152.0.0.0 (Windows 10): Executed 181 of 181[31m (2 FAILED)[39m (1.532 secs / 1.345 secs)
[31mTOTAL: 2 FAILED, 179 SUCCESS[39m
Chrome 152.0.0.0 (Windows 10): Executed 0 of 181[32m SUCCESS[39m (0 secs / 0 secs)
[1A[2KChrome 152.0.0.0 (Windows 10): Executed 1 of 181[32m SUCCESS[39m (0 secs / 0.395 secs)
[1A[2KChrome 152.0.0.0 (Windows 10): Executed 2 of 181[32m SUCCESS[39m (0 secs / 0.405 secs)
[1A[2KChrome 152.0.0.0 (Windows 10): Executed 3 of 181[32m SUCCESS[39m (0 secs / 0.415 secs)
[1A[2KChrome 152.0.0.0 (Windows 10): Executed 4 of 181[32m SUCCESS[39m (0 secs / 0.426 secs)
[1A[2KChrome 152.0.0.0 (Windows 10): Executed 5 of 181[32m SUCCESS[39m (0 secs / 0.436 secs)
[1A[2KChrome 152.0.0.0 (Windows 10): Executed 6 of 181[32m SUCCESS[39m (0 secs / 0.445 secs)
[1A[2KChrome 152.0.0.0 (Windows 10): Executed 7 of 181[32m SUCCESS[39m (0 secs / 0.504 secs)
[1A[2KChrome 152.0.0.0 (Windows 10): Executed 8 of 181[32m SUCCESS[39m (0 secs / 0.509 secs)
[1A[2KChrome 152.0.0.0 (Windows 10): Executed 9 of 181[32m SUCCESS[39m (0 secs / 0.518 secs)
[1A[2KChrome 152.0.0.0 (Windows 10): Executed 10 of 181[32m SUCCESS[39m (0 secs / 0.53 secs)
[1A[2KChrome 152.0.0.0 (Windows 10): Executed 11 of 181[32m SUCCESS[39m (0 secs / 0.534 secs)
[1A[2KChrome 152.0.0.0 (Windows 10): Executed 12 of 181[32m SUCCESS[39m (0 secs / 0.539 secs)
[1A[2KChrome 152.0.0.0 (Windows 10): Executed 13 of 181[32m SUCCESS[39m (0 secs / 0.543 secs)
[1A[2KChrome 152.0.0.0 (Windows 10): Executed 14 of 181[32m SUCCESS[39m (0 secs / 0.547 secs)
[1A[2KChrome 152.0.0.0 (Windows 10): Executed 15 of 181[32m SUCCESS[39m (0 secs / 0.551 secs)
[1A[2KChrome 152.0.0.0 (Windows 10): Executed 16 of 181[32m SUCCESS[39m (0 secs / 0.554 secs)
[1A[2KChrome 152.0.0.0 (Windows 10): Executed 17 of 181[32m SUCCESS[39m (0 secs / 0.559 secs)
[1A[2KChrome 152.0.0.0 (Windows 10): Executed 18 of 181[32m SUCCESS[39m (0 secs / 0.565 secs)
[1A[2KChrome 152.0.0.0 (Windows 10): Executed 19 of 181[32m SUCCESS[39m (0 secs / 0.568 secs)
[1A[2KChrome 152.0.0.0 (Windows 10): Executed 20 of 181[32m SUCCESS[39m (0 secs / 0.697 secs)
[1A[2KChrome 152.0.0.0 (Windows 10): Executed 21 of 181[32m SUCCESS[39m (0 secs / 0.725 secs)
[1A[2KChrome 152.0.0.0 (Windows 10): Executed 22 of 181[32m SUCCESS[39m (0 secs / 0.76 secs)
[1A[2KChrome 152.0.0.0 (Windows 10): Executed 23 of 181[32m SUCCESS[39m (0 secs / 0.788 secs)
[1A[2KChrome 152.0.0.0 (Windows 10): Executed 24 of 181[32m SUCCESS[39m (0 secs / 0.85 secs)
[1A[2KChrome 152.0.0.0 (Windows 10): Executed 25 of 181[32m SUCCESS[39m (0 secs / 0.853 secs)
[1A[2KChrome 152.0.0.0 (Windows 10): Executed 26 of 181[32m SUCCESS[39m (0 secs / 0.861 secs)
[1A[2KChrome 152.0.0.0 (Windows 10): Executed 27 of 181[32m SUCCESS[39m (0 secs / 0.866 secs)
[1A[2KChrome 152.0.0.0 (Windows 10): Executed 28 of 181[32m SUCCESS[39m (0 secs / 0.87 secs)
[1A[2KChrome 152.0.0.0 (Windows 10): Executed 29 of 181[32m SUCCESS[39m (0 secs / 0.874 secs)
[1A[2KChrome 152.0.0.0 (Windows 10): Executed 30 of 181[32m SUCCESS[39m (0 secs / 0.877 secs)
[1A[2KChrome 152.0.0.0 (Windows 10): Executed 31 of 181[32m SUCCESS[39m (0 secs / 0.879 secs)
[1A[2KChrome 152.0.0.0 (Windows 10): Executed 32 of 181[32m SUCCESS[39m (0 secs / 0.891 secs)
[1A[2KChrome 152.0.0.0 (Windows 10): Executed 33 of 181[32m SUCCESS[39m (0 secs / 0.894 secs)
[1A[2KChrome 152.0.0.0 (Windows 10): Executed 34 of 181[32m SUCCESS[39m (0 secs / 0.903 secs)
[1A[2KChrome 152.0.0.0 (Windows 10): Executed 35 of 181[32m SUCCESS[39m (0 secs / 0.918 secs)
[1A[2KChrome 152.0.0.0 (Windows 10): Executed 36 of 181[32m SUCCESS[39m (0 secs / 0.922 secs)
[1A[2KChrome 152.0.0.0 (Windows 10): Executed 37 of 181[32m SUCCESS[39m (0 secs / 0.937 secs)
[1A[2KChrome 152.0.0.0 (Windows 10): Executed 38 of 181[32m SUCCESS[39m (0 secs / 0.946 secs)
[1A[2KChrome 152.0.0.0 (Windows 10): Executed 39 of 181[32m SUCCESS[39m (0 secs / 0.952 secs)
[1A[2KChrome 152.0.0.0 (Windows 10): Executed 40 of 181[32m SUCCESS[39m (0 secs / 0.959 secs)
[1A[2KChrome 152.0.0.0 (Windows 10): Executed 41 of 181[32m SUCCESS[39m (0 secs / 0.963 secs)
[1A[2KChrome 152.0.0.0 (Windows 10): Executed 42 of 181[32m SUCCESS[39m (0 secs / 0.966 secs)
[1A[2KChrome 152.0.0.0 (Windows 10): Executed 43 of 181[32m SUCCESS[39m (0 secs / 0.968 secs)
[1A[2KChrome 152.0.0.0 (Windows 10): Executed 44 of 181[32m SUCCESS[39m (0 secs / 0.971 secs)
[1A[2KChrome 152.0.0.0 (Windows 10): Executed 45 of 181[32m SUCCESS[39m (0 secs / 0.978 secs)
[1A[2KChrome 152.0.0.0 (Windows 10): Executed 46 of 181[32m SUCCESS[39m (0 secs / 0.981 secs)
[1A[2KChrome 152.0.0.0 (Windows 10): Executed 47 of 181[32m SUCCESS[39m (0 secs / 0.984 secs)
[1A[2KChrome 152.0.0.0 (Windows 10): Executed 48 of 181[32m SUCCESS[39m (0 secs / 0.986 secs)
[1A[2KChrome 152.0.0.0 (Windows 10): Executed 49 of 181[32m SUCCESS[39m (0 secs / 0.991 secs)
[1A[2KChrome 152.0.0.0 (Windows 10): Executed 50 of 181[32m SUCCESS[39m (0 secs / 0.993 secs)
[1A[2KChrome 152.0.0.0 (Windows 10): Executed 51 of 181[32m SUCCESS[39m (0 secs / 0.997 secs)
[1A[2KChrome 152.0.0.0 (Windows 10): Executed 52 of 181[32m SUCCESS[39m (0 secs / 0.999 secs)
[1A[2KChrome 152.0.0.0 (Windows 10): Executed 53 of 181[32m SUCCESS[39m (0 secs / 1.001 secs)
[1A[2KChrome 152.0.0.0 (Windows 10): Executed 54 of 181[32m SUCCESS[39m (0 secs / 1.013 secs)
[1A[2KChrome 152.0.0.0 (Windows 10): Executed 55 of 181[32m SUCCESS[39m (0 secs / 1.019 secs)
[1A[2KChrome 152.0.0.0 (Windows 10): Executed 56 of 181[32m SUCCESS[39m (0 secs / 1.023 secs)
[1A[2KChrome 152.0.0.0 (Windows 10): Executed 57 of 181[32m SUCCESS[39m (0 secs / 1.025 secs)
[1A[2KChrome 152.0.0.0 (Windows 10): Executed 58 of 181[32m SUCCESS[39m (0 secs / 1.029 secs)
[1A[2KChrome 152.0.0.0 (Windows 10): Executed 59 of 181[32m SUCCESS[39m (0 secs / 1.032 secs)
[1A[2KChrome 152.0.0.0 (Windows 10): Executed 60 of 181[32m SUCCESS[39m (0 secs / 1.037 secs)
[1A[2KChrome 152.0.0.0 (Windows 10): Executed 61 of 181[32m SUCCESS[39m (0 secs / 1.039 secs)
[1A[2KChrome 152.0.0.0 (Windows 10): Executed 62 of 181[32m SUCCESS[39m (0 secs / 1.043 secs)
[1A[2KChrome 152.0.0.0 (Windows 10): Executed 63 of 181[32m SUCCESS[39m (0 secs / 1.046 secs)
[1A[2KChrome 152.0.0.0 (Windows 10): Executed 64 of 181[32m SUCCESS[39m (0 secs / 1.048 secs)
[1A[2KChrome 152.0.0.0 (Windows 10): Executed 65 of 181[32m SUCCESS[39m (0 secs / 1.053 secs)
[1A[2KChrome 152.0.0.0 (Windows 10): Executed 66 of 181[32m SUCCESS[39m (0 secs / 1.056 secs)
[1A[2KChrome 152.0.0.0 (Windows 10): Executed 67 of 181[32m SUCCESS[39m (0 secs / 1.058 secs)
[1A[2KChrome 152.0.0.0 (Windows 10): Executed 68 of 181[32m SUCCESS[39m (0 secs / 1.109 secs)
[1A[2KChrome 152.0.0.0 (Windows 10): Executed 69 of 181[32m SUCCESS[39m (0 secs / 1.121 secs)
[1A[2KChrome 152.0.0.0 (Windows 10): Executed 70 of 181[32m SUCCESS[39m (0 secs / 1.132 secs)
[1A[2KChrome 152.0.0.0 (Windows 10): Executed 71 of 181[32m SUCCESS[39m (0 secs / 1.135 secs)
[1A[2KChrome 152.0.0.0 (Windows 10): Executed 72 of 181[32m SUCCESS[39m (0 secs / 1.14 secs)
[1A[2KChrome 152.0.0.0 (Windows 10): Executed 73 of 181[32m SUCCESS[39m (0 secs / 1.144 secs)
[1A[2KChrome 152.0.0.0 (Windows 10): Executed 74 of 181[32m SUCCESS[39m (0 secs / 1.332 secs)
[1A[2KChrome 152.0.0.0 (Windows 10): Executed 75 of 181[32m SUCCESS[39m (0 secs / 1.346 secs)
[1A[2KChrome 152.0.0.0 (Windows 10): Executed 76 of 181[32m SUCCESS[39m (0 secs / 1.355 secs)
[1A[2KChrome 152.0.0.0 (Windows 10): Executed 77 of 181[32m SUCCESS[39m (0 secs / 1.412 secs)
[1A[2KChrome 152.0.0.0 (Windows 10): Executed 78 of 181[32m SUCCESS[39m (0 secs / 1.418 secs)
[1A[2KChrome 152.0.0.0 (Windows 10): Executed 79 of 181[32m SUCCESS[39m (0 secs / 1.425 secs)
[1A[2KChrome 152.0.0.0 (Windows 10): Executed 80 of 181[32m SUCCESS[39m (0 secs / 1.428 secs)
[1A[2KChrome 152.0.0.0 (Windows 10): Executed 81 of 181[32m SUCCESS[39m (0 secs / 1.43 secs)
[1A[2KChrome 152.0.0.0 (Windows 10): Executed 82 of 181[32m SUCCESS[39m (0 secs / 1.432 secs)
[1A[2KChrome 152.0.0.0 (Windows 10): Executed 83 of 181[32m SUCCESS[39m (0 secs / 1.436 secs)
[1A[2KChrome 152.0.0.0 (Windows 10): Executed 84 of 181[32m SUCCESS[39m (0 secs / 1.438 secs)
[1A[2KChrome 152.0.0.0 (Windows 10): Executed 85 of 181[32m SUCCESS[39m (0 secs / 1.441 secs)
[1A[2KChrome 152.0.0.0 (Windows 10): Executed 86 of 181[32m SUCCESS[39m (0 secs / 1.444 secs)
[1A[2KChrome 152.0.0.0 (Windows 10): Executed 87 of 181[32m SUCCESS[39m (0 secs / 1.447 secs)
[1A[2KChrome 152.0.0.0 (Windows 10): Executed 88 of 181[32m SUCCESS[39m (0 secs / 1.449 secs)
[1A[2KChrome 152.0.0.0 (Windows 10): Executed 89 of 181[32m SUCCESS[39m (0 secs / 1.451 secs)
[1A[2KChrome 152.0.0.0 (Windows 10): Executed 90 of 181[32m SUCCESS[39m (0 secs / 1.453 secs)
[1A[2KChrome 152.0.0.0 (Windows 10): Executed 91 of 181[32m SUCCESS[39m (0 secs / 1.455 secs)
[1A[2KChrome 152.0.0.0 (Windows 10): Executed 92 of 181[32m SUCCESS[39m (0 secs / 1.457 secs)
[1A[2KChrome 152.0.0.0 (Windows 10): Executed 93 of 181[32m SUCCESS[39m (0 secs / 1.465 secs)
[1A[2KChrome 152.0.0.0 (Windows 10): Executed 94 of 181[32m SUCCESS[39m (0 secs / 1.468 secs)
[1A[2KChrome 152.0.0.0 (Windows 10): Executed 95 of 181[32m SUCCESS[39m (0 secs / 1.472 secs)
[1A[2KChrome 152.0.0.0 (Windows 10): Executed 96 of 181[32m SUCCESS[39m (0 secs / 1.485 secs)
[1A[2KChrome 152.0.0.0 (Windows 10): Executed 97 of 181[32m SUCCESS[39m (0 secs / 1.5 secs)
[1A[2KChrome 152.0.0.0 (Windows 10): Executed 98 of 181[32m SUCCESS[39m (0 secs / 1.505 secs)
[1A[2KChrome 152.0.0.0 (Windows 10): Executed 99 of 181[32m SUCCESS[39m (0 secs / 1.51 secs)
[1A[2KChrome 152.0.0.0 (Windows 10): Executed 100 of 181[32m SUCCESS[39m (0 secs / 1.517 secs)
[1A[2KChrome 152.0.0.0 (Windows 10): Executed 101 of 181[32m SUCCESS[39m (0 secs / 1.523 secs)
[1A[2KChrome 152.0.0.0 (Windows 10): Executed 102 of 181[32m SUCCESS[39m (0 secs / 1.528 secs)
[1A[2KChrome 152.0.0.0 (Windows 10): Executed 103 of 181[32m SUCCESS[39m (0 secs / 1.533 secs)
[1A[2KChrome 152.0.0.0 (Windows 10): Executed 104 of 181[32m SUCCESS[39m (0 secs / 1.538 secs)
[1A[2KChrome 152.0.0.0 (Windows 10): Executed 105 of 181[32m SUCCESS[39m (0 secs / 1.542 secs)
[1A[2KChrome 152.0.0.0 (Windows 10): Executed 106 of 181[32m SUCCESS[39m (0 secs / 1.546 secs)
[1A[2KChrome 152.0.0.0 (Windows 10): Executed 107 of 181[32m SUCCESS[39m (0 secs / 1.551 secs)
[1A[2KChrome 152.0.0.0 (Windows 10): Executed 108 of 181[32m SUCCESS[39m (0 secs / 1.556 secs)
[1A[2KChrome 152.0.0.0 (Windows 10): Executed 109 of 181[32m SUCCESS[39m (0 secs / 1.561 secs)
[1A[2KChrome 152.0.0.0 (Windows 10): Executed 110 of 181[32m SUCCESS[39m (0 secs / 1.566 secs)
[1A[2KChrome 152.0.0.0 (Windows 10): Executed 111 of 181[32m SUCCESS[39m (0 secs / 1.57 secs)
[1A[2KChrome 152.0.0.0 (Windows 10): Executed 112 of 181[32m SUCCESS[39m (0 secs / 1.575 secs)
[1A[2KChrome 152.0.0.0 (Windows 10): Executed 113 of 181[32m SUCCESS[39m (0 secs / 1.583 secs)
[1A[2KChrome 152.0.0.0 (Windows 10): Executed 114 of 181[32m SUCCESS[39m (0 secs / 1.589 secs)
[1A[2KChrome 152.0.0.0 (Windows 10): Executed 115 of 181[32m SUCCESS[39m (0 secs / 1.595 secs)
[1A[2KChrome 152.0.0.0 (Windows 10): Executed 116 of 181[32m SUCCESS[39m (0 secs / 1.61 secs)
[1A[2KChrome 152.0.0.0 (Windows 10): Executed 117 of 181[32m SUCCESS[39m (0 secs / 1.614 secs)
[1A[2KChrome 152.0.0.0 (Windows 10): Executed 118 of 181[32m SUCCESS[39m (0 secs / 1.62 secs)
[1A[2KChrome 152.0.0.0 (Windows 10): Executed 119 of 181[32m SUCCESS[39m (0 secs / 1.626 secs)
[1A[2KChrome 152.0.0.0 (Windows 10): Executed 120 of 181[32m SUCCESS[39m (0 secs / 1.638 secs)
[1A[2KChrome 152.0.0.0 (Windows 10): Executed 121 of 181[32m SUCCESS[39m (0 secs / 1.643 secs)
[1A[2KChrome 152.0.0.0 (Windows 10): Executed 122 of 181[32m SUCCESS[39m (0 secs / 1.649 secs)
[1A[2KChrome 152.0.0.0 (Windows 10): Executed 123 of 181[32m SUCCESS[39m (0 secs / 1.652 secs)
[1A[2KChrome 152.0.0.0 (Windows 10): Executed 124 of 181[32m SUCCESS[39m (0 secs / 1.654 secs)
[1A[2KChrome 152.0.0.0 (Windows 10): Executed 125 of 181[32m SUCCESS[39m (0 secs / 1.656 secs)
[1A[2KChrome 152.0.0.0 (Windows 10): Executed 126 of 181[32m SUCCESS[39m (0 secs / 1.658 secs)
[1A[2KChrome 152.0.0.0 (Windows 10): Executed 127 of 181[32m SUCCESS[39m (0 secs / 1.66 secs)
[1A[2KChrome 152.0.0.0 (Windows 10): Executed 128 of 181[32m SUCCESS[39m (0 secs / 1.664 secs)
[1A[2KChrome 152.0.0.0 (Windows 10): Executed 129 of 181[32m SUCCESS[39m (0 secs / 1.666 secs)
[1A[2KChrome 152.0.0.0 (Windows 10): Executed 130 of 181[32m SUCCESS[39m (0 secs / 1.668 secs)
[1A[2KChrome 152.0.0.0 (Windows 10): Executed 131 of 181[32m SUCCESS[39m (0 secs / 1.67 secs)
[1A[2KChrome 152.0.0.0 (Windows 10): Executed 132 of 181[32m SUCCESS[39m (0 secs / 1.675 secs)
[1A[2KChrome 152.0.0.0 (Windows 10): Executed 133 of 181[32m SUCCESS[39m (0 secs / 1.677 secs)
[1A[2KChrome 152.0.0.0 (Windows 10): Executed 134 of 181[32m SUCCESS[39m (0 secs / 1.679 secs)
[1A[2KChrome 152.0.0.0 (Windows 10): Executed 135 of 181[32m SUCCESS[39m (0 secs / 1.682 secs)
[1A[2KChrome 152.0.0.0 (Windows 10): Executed 136 of 181[32m SUCCESS[39m (0 secs / 1.687 secs)
[1A[2KChrome 152.0.0.0 (Windows 10): Executed 137 of 181[32m SUCCESS[39m (0 secs / 1.688 secs)
[1A[2KChrome 152.0.0.0 (Windows 10): Executed 138 of 181[32m SUCCESS[39m (0 secs / 1.703 secs)
[1A[2KChrome 152.0.0.0 (Windows 10): Executed 139 of 181[32m SUCCESS[39m (0 secs / 1.709 secs)
[1A[2KChrome 152.0.0.0 (Windows 10): Executed 140 of 181[32m SUCCESS[39m (0 secs / 1.713 secs)
[1A[2KChrome 152.0.0.0 (Windows 10): Executed 141 of 181[32m SUCCESS[39m (0 secs / 1.718 secs)
[1A[2KChrome 152.0.0.0 (Windows 10): Executed 142 of 181[32m SUCCESS[39m (0 secs / 1.725 secs)
[1A[2KChrome 152.0.0.0 (Windows 10): Executed 143 of 181[32m SUCCESS[39m (0 secs / 1.729 secs)
[1A[2KChrome 152.0.0.0 (Windows 10): Executed 144 of 181[32m SUCCESS[39m (0 secs / 1.767 secs)
[1A[2KChrome 152.0.0.0 (Windows 10): Executed 145 of 181[32m SUCCESS[39m (0 secs / 1.795 secs)
[1A[2KChrome 152.0.0.0 (Windows 10): Executed 146 of 181[32m SUCCESS[39m (0 secs / 1.818 secs)
[1A[2KChrome 152.0.0.0 (Windows 10): Executed 147 of 181[32m SUCCESS[39m (0 secs / 1.838 secs)
[1A[2KChrome 152.0.0.0 (Windows 10): Executed 148 of 181[32m SUCCESS[39m (0 secs / 1.855 secs)
[1A[2KChrome 152.0.0.0 (Windows 10): Executed 149 of 181[32m SUCCESS[39m (0 secs / 1.881 secs)
[1A[2KChrome 152.0.0.0 (Windows 10): Executed 150 of 181[32m SUCCESS[39m (0 secs / 1.904 secs)
[1A[2KChrome 152.0.0.0 (Windows 10): Executed 151 of 181[32m SUCCESS[39m (0 secs / 1.928 secs)
[1A[2KChrome 152.0.0.0 (Windows 10): Executed 152 of 181[32m SUCCESS[39m (0 secs / 1.957 secs)
[1A[2KChrome 152.0.0.0 (Windows 10): Executed 153 of 181[32m SUCCESS[39m (0 secs / 2.195 secs)
[1A[2KChrome 152.0.0.0 (Windows 10): Executed 154 of 181[32m SUCCESS[39m (0 secs / 2.197 secs)
[1A[2KChrome 152.0.0.0 (Windows 10): Executed 155 of 181[32m SUCCESS[39m (0 secs / 2.2 secs)
[1A[2KChrome 152.0.0.0 (Windows 10): Executed 156 of 181[32m SUCCESS[39m (0 secs / 2.203 secs)
[1A[2KChrome 152.0.0.0 (Windows 10): Executed 157 of 181[32m SUCCESS[39m (0 secs / 2.211 secs)
[1A[2KChrome 152.0.0.0 (Windows 10): Executed 158 of 181[32m SUCCESS[39m (0 secs / 2.215 secs)
[1A[2KChrome 152.0.0.0 (Windows 10): Executed 159 of 181[32m SUCCESS[39m (0 secs / 2.217 secs)
[1A[2KChrome 152.0.0.0 (Windows 10): Executed 160 of 181[32m SUCCESS[39m (0 secs / 2.219 secs)
[1A[2KChrome 152.0.0.0 (Windows 10): Executed 161 of 181[32m SUCCESS[39m (0 secs / 2.221 secs)
[1A[2KChrome 152.0.0.0 (Windows 10): Executed 162 of 181[32m SUCCESS[39m (0 secs / 2.223 secs)
[1A[2KChrome 152.0.0.0 (Windows 10): Executed 163 of 181[32m SUCCESS[39m (0 secs / 2.225 secs)
[1A[2KChrome 152.0.0.0 (Windows 10): Executed 164 of 181[32m SUCCESS[39m (0 secs / 2.227 secs)
[1A[2KChrome 152.0.0.0 (Windows 10): Executed 165 of 181[32m SUCCESS[39m (0 secs / 2.231 secs)
[1A[2KChrome 152.0.0.0 (Windows 10): Executed 166 of 181[32m SUCCESS[39m (0 secs / 2.234 secs)
[1A[2KChrome 152.0.0.0 (Windows 10): Executed 167 of 181[32m SUCCESS[39m (0 secs / 2.237 secs)
[1A[2KChrome 152.0.0.0 (Windows 10): Executed 168 of 181[32m SUCCESS[39m (0 secs / 2.24 secs)
[1A[2KChrome 152.0.0.0 (Windows 10): Executed 169 of 181[32m SUCCESS[39m (0 secs / 2.243 secs)
[1A[2KChrome 152.0.0.0 (Windows 10): Executed 170 of 181[32m SUCCESS[39m (0 secs / 2.245 secs)
[1A[2KChrome 152.0.0.0 (Windows 10): Executed 171 of 181[32m SUCCESS[39m (0 secs / 2.247 secs)
[1A[2KChrome 152.0.0.0 (Windows 10): Executed 172 of 181[32m SUCCESS[39m (0 secs / 2.25 secs)
[1A[2KChrome 152.0.0.0 (Windows 10): Executed 173 of 181[32m SUCCESS[39m (0 secs / 2.252 secs)
[1A[2KChrome 152.0.0.0 (Windows 10): Executed 174 of 181[32m SUCCESS[39m (0 secs / 2.254 secs)
[1A[2KChrome 152.0.0.0 (Windows 10): Executed 175 of 181[32m SUCCESS[39m (0 secs / 2.257 secs)
[1A[2KChrome 152.0.0.0 (Windows 10): Executed 176 of 181[32m SUCCESS[39m (0 secs / 2.259 secs)
[1A[2KChrome 152.0.0.0 (Windows 10): Executed 177 of 181[32m SUCCESS[39m (0 secs / 2.261 secs)
[1A[2KChrome 152.0.0.0 (Windows 10): Executed 178 of 181[32m SUCCESS[39m (0 secs / 2.264 secs)
[1A[2KChrome 152.0.0.0 (Windows 10): Executed 179 of 181[32m SUCCESS[39m (0 secs / 2.266 secs)
[1A[2KChrome 152.0.0.0 (Windows 10): Executed 180 of 181[32m SUCCESS[39m (0 secs / 2.268 secs)
[1A[2KChrome 152.0.0.0 (Windows 10): Executed 181 of 181[32m SUCCESS[39m (0 secs / 2.272 secs)
[1A[2KChrome 152.0.0.0 (Windows 10): Executed 181 of 181[32m SUCCESS[39m (2.627 secs / 2.272 secs)
[32mTOTAL: 181 SUCCESS[39m
[1A[2K[31mChrome 152.0.0.0 (Windows 10) ERROR[39m
  Some of your tests did a full page reload!
Chrome 152.0.0.0 (Windows 10): Executed 181 of 181[32m SUCCESS[39m (2.627 secs / 2.272 secs)
Chrome 152.0.0.0 (Windows 10) ERROR
  Some of your tests did a full page reload!
[33m03 09 2026 17:38:47.141:WARN [Chrome 152.0.0.0 (Windows 10)]: [39mDisconnected (0 times) Client disconnected from CONNECTED state (transport close)
[1A[2K[31mChrome 152.0.0.0 (Windows 10) ERROR[39m
  Disconnected Client disconnected from CONNECTED state (transport close)
Chrome 152.0.0.0 (Windows 10): Executed 181 of 181[32m SUCCESS[39m (2.627 secs / 2.272 secs)
Chrome 152.0.0.0 (Windows 10) ERROR
  Disconnected Client disconnected from CONNECTED state (transport close)
[91m03 09 2026 17:38:47.655:ERROR [launcher]: [39mChrome crashed.
	[16176:24948:0903/173002.259:ERROR:google_apis\gcm\engine\registration_request.cc:291] Registration response error message: PHONE_REGISTRATION_ERROR
[16176:24948:0903/173002.259:ERROR:google_apis\gcm\engine\registration_request.cc:291] Registration response error message: PHONE_REGISTRATION_ERROR
[16176:24948:0903/173002.276:ERROR:google_apis\gcm\engine\registration_request.cc:291] Registration response error message: PHONE_REGISTRATION_ERROR
Created TensorFlow Lite XNNPACK delegate for CPU.
[16176:24948:0903/173027.024:ERROR:google_apis\gcm\engine\registration_request.cc:291] Registration response error message: DEPRECATED_ENDPOINT
[16176:24948:0903/173118.521:ERROR:google_apis\gcm\engine\registration_request.cc:291] Registration response error message: DEPRECATED_ENDPOINT
[16176:24948:0903/173249.484:ERROR:google_apis\gcm\engine\registration_request.cc:291] Registration response error message: DEPRECATED_ENDPOINT
[16176:24948:0903/173532.627:ERROR:google_apis\gcm\engine\registration_request.cc:291] Registration response error message: DEPRECATED_ENDPOINT

[91m03 09 2026 17:38:47.655:ERROR [launcher]: [39mChrome stdout: 
[91m03 09 2026 17:38:47.655:ERROR [launcher]: [39mChrome stderr: [16176:24948:0903/173002.259:ERROR:google_apis\gcm\engine\registration_request.cc:291] Registration response error message: PHONE_REGISTRATION_ERROR
[16176:24948:0903/173002.259:ERROR:google_apis\gcm\engine\registration_request.cc:291] Registration response error message: PHONE_REGISTRATION_ERROR
[16176:24948:0903/173002.276:ERROR:google_apis\gcm\engine\registration_request.cc:291] Registration response error message: PHONE_REGISTRATION_ERROR
Created TensorFlow Lite XNNPACK delegate for CPU.
[16176:24948:0903/173027.024:ERROR:google_apis\gcm\engine\registration_request.cc:291] Registration response error message: DEPRECATED_ENDPOINT
[16176:24948:0903/173118.521:ERROR:google_apis\gcm\engine\registration_request.cc:291] Registration response error message: DEPRECATED_ENDPOINT
[16176:24948:0903/173249.484:ERROR:google_apis\gcm\engine\registration_request.cc:291] Registration response error message: DEPRECATED_ENDPOINT
[16176:24948:0903/173532.627:ERROR:google_apis\gcm\engine\registration_request.cc:291] Registration response error message: DEPRECATED_ENDPOINT

[32m03 09 2026 17:38:48.136:INFO [launcher]: [39mTrying to start Chrome again (1/2).
[32m03 09 2026 17:38:53.030:INFO [Chrome 152.0.0.0 (Windows 10)]: [39mConnected on socket 25Yvl2ZtvvPWyZMBAAAD with id 3333586
[33m03 09 2026 17:38:55.427:WARN [Chrome 152.0.0.0 (Windows 10)]: [39mDisconnected (0 times) Client disconnected from CONNECTED state (transport close)
[31mChrome 152.0.0.0 (Windows 10) ERROR[39m
  Disconnected Client disconnected from CONNECTED state (transport close)

Chrome 152.0.0.0 (Windows 10) ERROR
  Disconnected Client disconnected from CONNECTED state (transport close)
[91m03 09 2026 17:39:00.725:ERROR [launcher]: [39mChrome crashed.
	
[91m03 09 2026 17:39:00.725:ERROR [launcher]: [39mChrome stdout: 
[91m03 09 2026 17:39:00.726:ERROR [launcher]: [39mChrome stderr: 
[32m03 09 2026 17:39:00.879:INFO [launcher]: [39mTrying to start Chrome again (2/2).
[32m03 09 2026 17:39:03.410:INFO [Chrome 152.0.0.0 (Windows 10)]: [39mConnected on socket A1NqALS1J_AsmkueAAAF with id 3333586
[33m03 09 2026 17:39:05.009:WARN [Chrome 152.0.0.0 (Windows 10)]: [39mDisconnected (0 times) Client disconnected from CONNECTED state (transport close)
[31mChrome 152.0.0.0 (Windows 10) ERROR[39m
  Disconnected Client disconnected from CONNECTED state (transport close)

Chrome 152.0.0.0 (Windows 10) ERROR
  Disconnected Client disconnected from CONNECTED state (transport close)
[91m03 09 2026 17:39:07.655:ERROR [launcher]: [39mChrome crashed.
	
[91m03 09 2026 17:39:07.656:ERROR [launcher]: [39mChrome stdout: 
[91m03 09 2026 17:39:07.656:ERROR [launcher]: [39mChrome stderr: 
[91m03 09 2026 17:39:07.741:ERROR [launcher]: [39mChrome failed 2 times (crashed). Giving up.
[33m03 09 2026 17:39:17.024:WARN [Chrome 152.0.0.0 (Windows 10)]: [39mDisconnected (1 times) , because no message in 30000 ms.
[31mChrome 152.0.0.0 (Windows 10) ERROR[39m
  Disconnected , because no message in 30000 ms.

Chrome 152.0.0.0 (Windows 10) ERROR
  Disconnected , because no message in 30000 ms.

[32mTOTAL: 0 SUCCESS[39m
[33m03 09 2026 20:23:11.978:WARN [karma]: [39mNo captured browser, open http://localhost:9880/
